// Jest Snapshot v1, https://goo.gl/fbAQLP

exports[`Given an App component When it's rendered with path '/*' Then it should render 'not found page' 1`] = `
<nav
  className="sc-iBYQkv dBHnxI header__navigation"
>
  <a
    aria-label="Home"
    className="header__link"
    href="/pokemon"
    onClick={[Function]}
  >
    Home
  </a>
  <a
    aria-label="Favourites"
    className="header__link"
    href="/favourites"
    onClick={[Function]}
  >
    Favourites
  </a>
</nav>
`;
